{
    "failed_checks": [
        {
            "file": "/terraform/batch_vpc.tf",
            "findings": [
                {
                    "resource": "module.idseq.aws_security_group.idseq",
                    "check_ids": [
                        "CKV_AWS_23",
                        "CKV_AWS_382"
                    ]
                },
                {
                    "resource": "module.idseq.aws_subnet.idseq",
                    "check_ids": [
                        "CKV_AWS_130"
                    ]
                },
                {
                    "resource": "module.idseq.aws_vpc.idseq",
                    "check_ids": [
                        "CKV2_AWS_11",
                        "CKV2_AWS_12"
                    ]
                }
            ]
        },
        {
            "file": "/terraform/buckets.tf",
            "findings": [
                {
                    "resource": "module.idseq.aws_s3_bucket.workflows",
                    "check_ids": [
                        "CKV2_AWS_6",
                        "CKV2_AWS_62",
                        "CKV_AWS_144",
                        "CKV_AWS_145",
                        "CKV_AWS_18"
                    ]
                },
                {
                    "resource": "module.idseq.aws_s3_bucket_lifecycle_configuration.workflows",
                    "check_ids": [
                        "CKV_AWS_300"
                    ]
                }
            ]
        },
        {
            "file": "/terraform/ecr.tf",
            "findings": [
                {
                    "resource": "module.idseq.aws_ecr_repository.workflow-repositories[\"amr\"]",
                    "check_ids": [
                        "CKV_AWS_136",
                        "CKV_AWS_51"
                    ]
                },
                {
                    "resource": "module.idseq.aws_ecr_repository.workflow-repositories[\"benchmark\"]",
                    "check_ids": [
                        "CKV_AWS_136",
                        "CKV_AWS_51"
                    ]
                },
                {
                    "resource": "module.idseq.aws_ecr_repository.workflow-repositories[\"bulk-download\"]",
                    "check_ids": [
                        "CKV_AWS_136",
                        "CKV_AWS_51"
                    ]
                },
                {
                    "resource": "module.idseq.aws_ecr_repository.workflow-repositories[\"consensus-genome\"]",
                    "check_ids": [
                        "CKV_AWS_136",
                        "CKV_AWS_51"
                    ]
                },
                {
                    "resource": "module.idseq.aws_ecr_repository.workflow-repositories[\"diamond\"]",
                    "check_ids": [
                        "CKV_AWS_136",
                        "CKV_AWS_51"
                    ]
                },
                {
                    "resource": "module.idseq.aws_ecr_repository.workflow-repositories[\"host-genome-generation\"]",
                    "check_ids": [
                        "CKV_AWS_136",
                        "CKV_AWS_51"
                    ]
                },
                {
                    "resource": "module.idseq.aws_ecr_repository.workflow-repositories[\"index-generation\"]",
                    "check_ids": [
                        "CKV_AWS_136",
                        "CKV_AWS_51"
                    ]
                },
                {
                    "resource": "module.idseq.aws_ecr_repository.workflow-repositories[\"long-read-mngs\"]",
                    "check_ids": [
                        "CKV_AWS_136",
                        "CKV_AWS_51"
                    ]
                },
                {
                    "resource": "module.idseq.aws_ecr_repository.workflow-repositories[\"minimap2\"]",
                    "check_ids": [
                        "CKV_AWS_136",
                        "CKV_AWS_51"
                    ]
                },
                {
                    "resource": "module.idseq.aws_ecr_repository.workflow-repositories[\"phylotree-ng\"]",
                    "check_ids": [
                        "CKV_AWS_136",
                        "CKV_AWS_51"
                    ]
                },
                {
                    "resource": "module.idseq.aws_ecr_repository.workflow-repositories[\"short-read-mngs\"]",
                    "check_ids": [
                        "CKV_AWS_136",
                        "CKV_AWS_51"
                    ]
                }
            ]
        },
        {
            "file": "/terraform/index-generation.tf",
            "findings": [
                {
                    "resource": "module.idseq.aws_lambda_function.start_index_generation",
                    "check_ids": [
                        "CKV_AWS_115",
                        "CKV_AWS_116",
                        "CKV_AWS_117",
                        "CKV_AWS_173",
                        "CKV_AWS_272",
                        "CKV_AWS_50"
                    ]
                },
                {
                    "resource": "module.idseq.aws_launch_template.index_generation_launch_template",
                    "check_ids": [
                        "CKV_AWS_341"
                    ]
                },
                {
                    "resource": "module.idseq.aws_security_group.index_generation",
                    "check_ids": [
                        "CKV_AWS_23",
                        "CKV_AWS_382"
                    ]
                }
            ]
        },
        {
            "file": "/terraform/modules/cloudwatch-alerting/main.tf",
            "findings": [
                {
                    "resource": "module.idseq.module.cloudwatch-alerting.aws_cloudwatch_log_group.new_groups",
                    "check_ids": [
                        "CKV_AWS_158",
                        "CKV_AWS_338",
                        "CKV_AWS_66"
                    ]
                },
                {
                    "resource": "module.idseq.module.cloudwatch-alerting.aws_lambda_permission.idseq_alerting_cloudwatch",
                    "check_ids": [
                        "CKV_AWS_364"
                    ]
                },
                {
                    "resource": "module.idseq.module.cloudwatch-alerting.aws_secretsmanager_secret.slack_oauth_token[0]",
                    "check_ids": [
                        "CKV2_AWS_57",
                        "CKV_AWS_149"
                    ]
                }
            ]
        },
        {
            "file": "/terraform/modules/scalable-alignment-batch/main.tf",
            "findings": [
                {
                    "resource": "module.idseq.module.diamond.aws_launch_template.alignment_launch_template_ec2",
                    "check_ids": [
                        "CKV_AWS_341"
                    ]
                },
                {
                    "resource": "module.idseq.module.diamond.aws_launch_template.alignment_launch_template_spot",
                    "check_ids": [
                        "CKV_AWS_341"
                    ]
                },
                {
                    "resource": "module.idseq.module.minimap2.aws_launch_template.alignment_launch_template_ec2",
                    "check_ids": [
                        "CKV_AWS_341"
                    ]
                },
                {
                    "resource": "module.idseq.module.minimap2.aws_launch_template.alignment_launch_template_spot",
                    "check_ids": [
                        "CKV_AWS_341"
                    ]
                }
            ]
        },
        {
            "file": "/terraform/modules/taxon-indexing-concurrency-manager/main.tf",
            "findings": [
                {
                    "resource": "module.idseq.module.taxon-indexing-concurrency-manager.aws_iam_role_policy.taxon_indexing_concurrency_manager_role",
                    "check_ids": [
                        "CKV_AWS_290",
                        "CKV_AWS_355"
                    ]
                },
                {
                    "resource": "module.idseq.module.taxon-indexing-concurrency-manager.aws_lambda_function.taxon_indexing_concurrency_manager",
                    "check_ids": [
                        "CKV_AWS_115",
                        "CKV_AWS_116",
                        "CKV_AWS_117",
                        "CKV_AWS_173",
                        "CKV_AWS_272",
                        "CKV_AWS_363",
                        "CKV_AWS_50"
                    ]
                }
            ]
        },
        {
            "file": "/terraform/swipe.tf",
            "findings": [
                {
                    "resource": "module.idseq.aws_security_group.aegea-ecs-sg",
                    "check_ids": [
                        "CKV2_AWS_5"
                    ]
                },
                {
                    "resource": "module.idseq.aws_ssm_parameter.sfn_notifications_queue_arn",
                    "check_ids": [
                        "CKV2_AWS_34"
                    ]
                },
                {
                    "resource": "module.idseq.aws_vpc_security_group_egress_rule.aegea-ecs-allow_all_traffic_ipv4",
                    "check_ids": [
                        "CKV_AWS_23"
                    ]
                }
            ]
        }
    ]
}